env: load .env
env: export EXPO_PUBLIC_SUPABASE_ANON_KEY EXPO_PUBLIC_SUPABASE_URL
Starting project at D:\next_move
Using src/app as the root directory for Expo Router.
Starting Metro Bundler

warning: Bundler cache is empty, rebuilding (this may take a minute)
Waiting on http://localhost:8081

An update for expo is available: 57.0.9 → ~57.0.20
16 other packages may need updating. Run npx expo install --check for details.
Logs for your project will appear below.
λ Bundled 10597ms node_modules\expo\node_modules\@expo\cli\node_modules\@expo\router-server\node\render.js (1302 modules)
"shadow*" style props are deprecated. Use "boxShadow".
"textShadow*" style props are deprecated. Use "textShadow".
Web Bundled 11308ms node_modules\expo-router\entry.js (1267 modules)
Android Bundled 7427ms node_modules\expo-router\entry.js (1710 modules)
λ Bundled 31ms node_modules\expo\node_modules\@expo\cli\node_modules\@expo\router-server\node\render.js (1 module)
"shadow*" style props are deprecated. Use "boxShadow".
"textShadow*" style props are deprecated. Use "textShadow".
Web Bundled 704ms node_modules\expo-router\entry.js (1 module)
λ Bundled 33ms node_modules\expo\node_modules\@expo\cli\node_modules\@expo\router-server\node\render.js (1 module)
"shadow*" style props are deprecated. Use "boxShadow".
"textShadow*" style props are deprecated. Use "textShadow".
Web Bundled 672ms node_modules\expo-router\entry.js (1 module)
Android Bundled 4539ms node_modules\expo-router\entry.js (1332 modules)
Android Bundled 44ms node_modules\expo-router\entry.js (1 module)
Android Bundled 113ms node_modules\expo-router\entry.js (1 module)
Android Bundled 45ms node_modules\expo-router\entry.js (1 module)
Android Bundled 42ms node_modules\expo-router\entry.js (1 module)
Android Bundled 48ms node_modules\expo-router\entry.js (1 module)
Android Bundled 42ms node_modules\expo-router\entry.js (1 module)
Android Bundled 38ms node_modules\expo-router\entry.js (1 module)
Android Bundled 41ms node_modules\expo-router\entry.js (1 module)
Android Bundled 45ms node_modules\expo-router\entry.js (1 module)
Android Bundled 41ms node_modules\expo-router\entry.js (1 module)
 LOG  [useNow] interval started
 LOG  [useNow] interval stopped
 LOG  [useNow] interval started
 LOG  [useNow] interval stopped
Android Bundled 42ms node_modules\expo-router\entry.js (1 module)
Android Bundled 44ms node_modules\expo-router\entry.js (1 module)
Android Bundled 44ms node_modules\expo-router\entry.js (1 module)
Android Bundled 51ms node_modules\expo-router\entry.js (1 module)
Android Bundled 53ms node_modules\expo-router\entry.js (1 module)
^C